
> gravity-hostel@0.1.0 build
> next build

Γû▓ Next.js 16.1.1 (Turbopack)
- Environments: .env

  Creating an optimized production build ...
Γ£ô Compiled successfully in 18.9s
  Running TypeScript ...
node.exe : Failed to compile.
At line:1 char:1
+ & "C:\Program Files\nodejs/node.exe" "C:\Program Files\nodejs/node_mo ...
+ ~~~~~~~~~~~~~~~~~~~~~~~~~~~~~~~~~~~~~~~~~~~~~~~~~~~~~~~~~~~~~~~~~~~~~
    + CategoryInfo          : NotSpecified: (Failed to compile.:String) [], RemoteException
    + FullyQualifiedErrorId : NativeCommandError
 

.next/dev/types/validator.ts:468:31
Type error: Type 'typeof import("C:/Users/LENOVO/OneDrive/Desktop/gravity-hostel/src/app/api/auth/resetpassword/route")' does 
not satisfy the constraint 'RouteHandlerConfig<"/api/auth/resetpassword">'.
  Types of property 'POST' are incompatible.
    Type '(request: Request, response: Response) => Promise<Response>' is not assignable to type '(request: NextRequest, 
context: { params: Promise<{}>; }) => void | Response | Promise<void | Response>'.
      Types of parameters 'response' and 'context' are incompatible.
        Type '{ params: Promise<{}>; }' is missing the following properties from type 'Response': headers, ok, redirected, 
status, and 12 more.

[0m [90m 466 |[39m   type __IsExpected[33m<[39m[33mSpecific[39m [36mextends[39m 
[33mRouteHandlerConfig[39m[33m<[39m[32m"/api/auth/resetpassword"[39m[33m>>[39m [33m=[39m [33mSpecific[39m
 [90m 467 |[39m   [36mconst[39m handler [33m=[39m {} [36mas[39m [36mtypeof[39m 
[36mimport[39m([32m"../../../src/app/api/auth/resetpassword/route.js"[39m)
[31m[1m>[22m[39m[90m 468 |[39m   type __Check [33m=[39m __IsExpected[33m<[39m[36mtypeof[39m handler[33m>[39m
 [90m     |[39m                               [31m[1m^[22m[39m
 [90m 469 |[39m   [90m// @ts-ignore[39m
 [90m 470 |[39m   type __Unused [33m=[39m __Check
 [90m 471 |[39m }[0m
Next.js build worker exited with code: 1 and signal: null
